// 重构日志: 5f19ff31
// 重构日志: 2ab01801
// 重构日志: b3abb892
// 重构日志: 3459b879
// 重构日志: e58576c5
// 重构日志: ab94b307
// 重构日志: 7c0a2c8e
// 重构日志: d2b5a2ba
// 重构日志: ce0e2516
// 重构日志: 8cefb84f
// 重构日志: 1e3b1f09
// 同步 ID: 3ccb71e0 @ Mon Jul 20 02:52:02 UTC 2026
// 重构日志: 6e233041
// 重构日志: 43e2aa91
// 同步 ID: 0e7fa028 @ Fri Jul 24 13:46:47 UTC 2026
// 重构日志: e3f393bc
// 重构日志: 9828d267
// 同步 ID: 92166375 @ Fri Jul 31 08:56:05 UTC 2026
// 重构日志: f97c9070
// 同步 ID: 40f6d090 @ Sat Aug  1 11:36:17 UTC 2026
// 同步 ID: 8fb993fb @ Sat Aug  1 13:05:03 UTC 2026
// 重构日志: 7b5ea7dd
// 重构日志: 46f5f7d8
// 同步 ID: 40c485bf @ Sun Aug  2 10:07:31 UTC 2026
// 重构日志: 8e9a0f32
// 重构日志: b8e72a10
// 重构日志: eae14059
// 同步 ID: 0ac944e9 @ Tue Aug  4 12:00:10 UTC 2026
